src/middlewares/audit.middleware.ts(3,26): error TS2307: Cannot find module '@/models/AuditLog.model' or its corresponding type declarations.
src/middlewares/audit.middleware.ts(29,23): error TS7006: Parameter 'err' implicitly has an 'any' type.
src/utils/fileParser.util.ts(41,24): error TS2349: This expression is not callable.
  Type 'typeof import("C:/Users/panka/Documents/projects/AI/company-knowledge/backend/node_modules/pdf-parse/dist/pdf-parse/cjs/index")' has no call signatures.
